
/home/tangles/.cache/arduino/sketches/DBC0DDBC96D34C1CFEED5BEFCBBAA2B2/attiny202_blink.ino.elf:     file format elf32-avr


Disassembly of section .text:

00000000 <__vectors>:
__vectors():
../../../../../crt1/gcrt1.S:63
   0:	19 c0       	rjmp	.+50     	; 0x34 <__ctors_end>
../../../../../crt1/gcrt1.S:67
   2:	34 c0       	rjmp	.+104    	; 0x6c <__bad_interrupt>
../../../../../crt1/gcrt1.S:68
   4:	33 c0       	rjmp	.+102    	; 0x6c <__bad_interrupt>
../../../../../crt1/gcrt1.S:69
   6:	32 c0       	rjmp	.+100    	; 0x6c <__bad_interrupt>
../../../../../crt1/gcrt1.S:70
   8:	31 c0       	rjmp	.+98     	; 0x6c <__bad_interrupt>
../../../../../crt1/gcrt1.S:71
   a:	30 c0       	rjmp	.+96     	; 0x6c <__bad_interrupt>
../../../../../crt1/gcrt1.S:72
   c:	2f c0       	rjmp	.+94     	; 0x6c <__bad_interrupt>
../../../../../crt1/gcrt1.S:73
   e:	2e c0       	rjmp	.+92     	; 0x6c <__bad_interrupt>
../../../../../crt1/gcrt1.S:74
  10:	2d c0       	rjmp	.+90     	; 0x6c <__bad_interrupt>
../../../../../crt1/gcrt1.S:75
  12:	6c c1       	rjmp	.+728    	; 0x2ec <__vector_9>
../../../../../crt1/gcrt1.S:76
  14:	2b c0       	rjmp	.+86     	; 0x6c <__bad_interrupt>
../../../../../crt1/gcrt1.S:77
  16:	2a c0       	rjmp	.+84     	; 0x6c <__bad_interrupt>
../../../../../crt1/gcrt1.S:78
  18:	29 c0       	rjmp	.+82     	; 0x6c <__bad_interrupt>
../../../../../crt1/gcrt1.S:79
  1a:	28 c0       	rjmp	.+80     	; 0x6c <__bad_interrupt>
../../../../../crt1/gcrt1.S:80
  1c:	27 c0       	rjmp	.+78     	; 0x6c <__bad_interrupt>
../../../../../crt1/gcrt1.S:81
  1e:	26 c0       	rjmp	.+76     	; 0x6c <__bad_interrupt>
../../../../../crt1/gcrt1.S:82
  20:	25 c0       	rjmp	.+74     	; 0x6c <__bad_interrupt>
../../../../../crt1/gcrt1.S:83
  22:	24 c0       	rjmp	.+72     	; 0x6c <__bad_interrupt>
../../../../../crt1/gcrt1.S:84
  24:	23 c0       	rjmp	.+70     	; 0x6c <__bad_interrupt>
../../../../../crt1/gcrt1.S:85
  26:	22 c0       	rjmp	.+68     	; 0x6c <__bad_interrupt>
../../../../../crt1/gcrt1.S:86
  28:	21 c0       	rjmp	.+66     	; 0x6c <__bad_interrupt>
../../../../../crt1/gcrt1.S:87
  2a:	20 c0       	rjmp	.+64     	; 0x6c <__bad_interrupt>
../../../../../crt1/gcrt1.S:88
  2c:	1f c0       	rjmp	.+62     	; 0x6c <__bad_interrupt>
../../../../../crt1/gcrt1.S:89
  2e:	1e c0       	rjmp	.+60     	; 0x6c <__bad_interrupt>
../../../../../crt1/gcrt1.S:90
  30:	1d c0       	rjmp	.+58     	; 0x6c <__bad_interrupt>
../../../../../crt1/gcrt1.S:91
  32:	1c c0       	rjmp	.+56     	; 0x6c <__bad_interrupt>

00000034 <__ctors_end>:
__trampolines_start():
../../../../../crt1/gcrt1.S:230
  34:	11 24       	eor	r1, r1
../../../../../crt1/gcrt1.S:231
  36:	1f be       	out	0x3f, r1	; 63
../../../../../crt1/gcrt1.S:232
  38:	cf ef       	ldi	r28, 0xFF	; 255
../../../../../crt1/gcrt1.S:234
  3a:	cd bf       	out	0x3d, r28	; 61
../../../../../crt1/gcrt1.S:236
  3c:	df e3       	ldi	r29, 0x3F	; 63
../../../../../crt1/gcrt1.S:237
  3e:	de bf       	out	0x3e, r29	; 62

00000040 <_initThreeStuff()>:
_Z15_initThreeStuffv():
/home/tangles/.arduino15/packages/megaTinyCore/hardware/megaavr/2.6.12/cores/megatinycore/main.cpp:104

  /* Minimum: Reset if we wound up here through malfunction - this relies on user clearing the  *
   * register on startup, which is rarely done in Arduino land.                                 */
  void __attribute__((weak)) init_reset_flags() ;
  void __attribute__((weak)) init_reset_flags() {
    uint8_t flags = RSTCTRL.RSTFR;
  40:	80 91 40 00 	lds	r24, 0x0040	; 0x800040 <__RODATA_PM_OFFSET__+0x7f8040>
/home/tangles/.arduino15/packages/megaTinyCore/hardware/megaavr/2.6.12/cores/megatinycore/main.cpp:105
    RSTCTRL.RSTFR = flags;
  44:	80 93 40 00 	sts	0x0040, r24	; 0x800040 <__RODATA_PM_OFFSET__+0x7f8040>
/home/tangles/.arduino15/packages/megaTinyCore/hardware/megaavr/2.6.12/cores/megatinycore/main.cpp:106
    if (flags == 0) {
  48:	81 11       	cpse	r24, r1
  4a:	05 c0       	rjmp	.+10     	; 0x56 <_initThreeStuff()+0x16>
/home/tangles/.arduino15/packages/megaTinyCore/hardware/megaavr/2.6.12/cores/megatinycore/main.cpp:107
      _PROTECTED_WRITE(RSTCTRL.SWRR, 1);
  4c:	98 ed       	ldi	r25, 0xD8	; 216
  4e:	21 e0       	ldi	r18, 0x01	; 1
  50:	94 bf       	out	0x34, r25	; 52
  52:	20 93 41 00 	sts	0x0041, r18	; 0x800041 <__RODATA_PM_OFFSET__+0x7f8041>
/home/tangles/.arduino15/packages/megaTinyCore/hardware/megaavr/2.6.12/cores/megatinycore/main.cpp:109
    }
    GPIOR0 = flags;
  56:	8c bb       	out	0x1c, r24	; 28

00000058 <__do_clear_bss>:
__do_clear_bss():
/home/admin/Arduino/toolchain-avr-special-master/gcc-build/avr/avrxmega3/short-calls/libgcc/../../../../../gcc/libgcc/config/avr/lib1funcs.S:2441
  58:	2f e3       	ldi	r18, 0x3F	; 63
/home/admin/Arduino/toolchain-avr-special-master/gcc-build/avr/avrxmega3/short-calls/libgcc/../../../../../gcc/libgcc/config/avr/lib1funcs.S:2442
  5a:	a0 e8       	ldi	r26, 0x80	; 128
/home/admin/Arduino/toolchain-avr-special-master/gcc-build/avr/avrxmega3/short-calls/libgcc/../../../../../gcc/libgcc/config/avr/lib1funcs.S:2443
  5c:	bf e3       	ldi	r27, 0x3F	; 63
/home/admin/Arduino/toolchain-avr-special-master/gcc-build/avr/avrxmega3/short-calls/libgcc/../../../../../gcc/libgcc/config/avr/lib1funcs.S:2444
  5e:	01 c0       	rjmp	.+2      	; 0x62 <.do_clear_bss_start>

00000060 <.do_clear_bss_loop>:
/home/admin/Arduino/toolchain-avr-special-master/gcc-build/avr/avrxmega3/short-calls/libgcc/../../../../../gcc/libgcc/config/avr/lib1funcs.S:2446
  60:	1d 92       	st	X+, r1

00000062 <.do_clear_bss_start>:
/home/admin/Arduino/toolchain-avr-special-master/gcc-build/avr/avrxmega3/short-calls/libgcc/../../../../../gcc/libgcc/config/avr/lib1funcs.S:2448
  62:	a9 39       	cpi	r26, 0x99	; 153
/home/admin/Arduino/toolchain-avr-special-master/gcc-build/avr/avrxmega3/short-calls/libgcc/../../../../../gcc/libgcc/config/avr/lib1funcs.S:2449
  64:	b2 07       	cpc	r27, r18
/home/admin/Arduino/toolchain-avr-special-master/gcc-build/avr/avrxmega3/short-calls/libgcc/../../../../../gcc/libgcc/config/avr/lib1funcs.S:2450
  66:	e1 f7       	brne	.-8      	; 0x60 <.do_clear_bss_loop>
.do_clear_bss_start():
../../../../../crt1/gcrt1.S:314
  68:	70 d1       	rcall	.+736    	; 0x34a <main>
../../../../../crt1/gcrt1.S:315
  6a:	66 c2       	rjmp	.+1228   	; 0x538 <_exit>

0000006c <__bad_interrupt>:
__vector_22():
../../../../../crt1/gcrt1.S:209
  6c:	c9 cf       	rjmp	.-110    	; 0x0 <__vectors>

0000006e <millis>:
millis():
/home/tangles/.arduino15/packages/megaTinyCore/hardware/megaavr/2.6.12/cores/megatinycore/wiring.c:167
  unsigned long millis() {
    // return timer_overflow_count; // for debugging timekeeping issues where these variables are out of scope from the sketch
    unsigned long m;
    // disable interrupts while we read timer_millis or we might get an
    // inconsistent value (e.g. in the middle of a write to timer_millis)
    uint8_t oldSREG = SREG;
  6e:	2f b7       	in	r18, 0x3f	; 63
/home/tangles/.arduino15/packages/megaTinyCore/hardware/megaavr/2.6.12/cores/megatinycore/wiring.c:168
    cli();
  70:	f8 94       	cli
/home/tangles/.arduino15/packages/megaTinyCore/hardware/megaavr/2.6.12/cores/megatinycore/wiring.c:182
        if (!(rtccount & 0x8000)) m += 64000;
      }
      SREG = oldSREG;
      m += rtccount - (rtccount >> 5) + (rtccount >> 7);
    #else
      m = timingStruct.timer_millis;
  72:	60 91 93 3f 	lds	r22, 0x3F93	; 0x803f93 <timingStruct+0x4>
  76:	70 91 94 3f 	lds	r23, 0x3F94	; 0x803f94 <timingStruct+0x5>
  7a:	80 91 95 3f 	lds	r24, 0x3F95	; 0x803f95 <timingStruct+0x6>
  7e:	90 91 96 3f 	lds	r25, 0x3F96	; 0x803f96 <timingStruct+0x7>
/home/tangles/.arduino15/packages/megaTinyCore/hardware/megaavr/2.6.12/cores/megatinycore/wiring.c:183
      SREG = oldSREG;
  82:	2f bf       	out	0x3f, r18	; 63
/home/tangles/.arduino15/packages/megaTinyCore/hardware/megaavr/2.6.12/cores/megatinycore/wiring.c:186
    #endif
    return m;
  }
  84:	08 95       	ret

00000086 <delay.part.0>:
delay.part.0():
/home/tangles/.arduino15/packages/megaTinyCore/hardware/megaavr/2.6.12/cores/megatinycore/wiring.c:243
        start += 1000;
      }
    }
  }
#else
  void delay(uint32_t ms) {
  86:	8f 92       	push	r8
  88:	9f 92       	push	r9
  8a:	af 92       	push	r10
  8c:	bf 92       	push	r11
  8e:	cf 92       	push	r12
  90:	df 92       	push	r13
  92:	ef 92       	push	r14
  94:	ff 92       	push	r15
  96:	6b 01       	movw	r12, r22
  98:	7c 01       	movw	r14, r24
/home/tangles/.arduino15/packages/megaTinyCore/hardware/megaavr/2.6.12/cores/megatinycore/wiring.c:251
    } else if (ms < 16) {
      while(ms--) {
        _delay_ms(1);
      }
    } else {
      uint32_t start = millis();
  9a:	e9 df       	rcall	.-46     	; 0x6e <millis>
  9c:	4b 01       	movw	r8, r22
  9e:	5c 01       	movw	r10, r24
/home/tangles/.arduino15/packages/megaTinyCore/hardware/megaavr/2.6.12/cores/megatinycore/wiring.c:252
      while (millis() - start < ms);
  a0:	e6 df       	rcall	.-52     	; 0x6e <millis>
  a2:	68 19       	sub	r22, r8
  a4:	79 09       	sbc	r23, r9
  a6:	8a 09       	sbc	r24, r10
  a8:	9b 09       	sbc	r25, r11
  aa:	6c 15       	cp	r22, r12
  ac:	7d 05       	cpc	r23, r13
  ae:	8e 05       	cpc	r24, r14
  b0:	9f 05       	cpc	r25, r15
  b2:	b0 f3       	brcs	.-20     	; 0xa0 <delay.part.0+0x1a>
/home/tangles/.arduino15/packages/megaTinyCore/hardware/megaavr/2.6.12/cores/megatinycore/wiring.c:254
    }
  }
  b4:	ff 90       	pop	r15
  b6:	ef 90       	pop	r14
  b8:	df 90       	pop	r13
  ba:	cf 90       	pop	r12
  bc:	bf 90       	pop	r11
  be:	af 90       	pop	r10
  c0:	9f 90       	pop	r9
  c2:	8f 90       	pop	r8
  c4:	08 95       	ret

000000c6 <digitalWrite.constprop.1>:
digitalWrite.constprop.1():
/home/tangles/.arduino15/packages/megaTinyCore/hardware/megaavr/2.6.12/cores/megatinycore/wiring_digital.c:256
  /* Set output to value
  This runs regardless of whether the pin is an output,
  allowing the pin to be staged with
  changed to an output. Code in the wild relies on this behavior. */
  if (val == LOW) { /* If LOW */
    port->OUTCLR = bit_mask;
  c6:	90 e8       	ldi	r25, 0x80	; 128
/home/tangles/.arduino15/packages/megaTinyCore/hardware/megaavr/2.6.12/cores/megatinycore/wiring_digital.c:255
  PORT_t *port = digitalPinToPortStruct(pin);
  /* Set output to value
  This runs regardless of whether the pin is an output,
  allowing the pin to be staged with
  changed to an output. Code in the wild relies on this behavior. */
  if (val == LOW) { /* If LOW */
  c8:	81 11       	cpse	r24, r1
  ca:	16 c0       	rjmp	.+44     	; 0xf8 <digitalWrite.constprop.1+0x32>
/home/tangles/.arduino15/packages/megaTinyCore/hardware/megaavr/2.6.12/cores/megatinycore/wiring_digital.c:256
    port->OUTCLR = bit_mask;
  cc:	90 93 06 04 	sts	0x0406, r25	; 0x800406 <__RODATA_PM_OFFSET__+0x7f8406>
/home/tangles/.arduino15/packages/megaTinyCore/hardware/megaavr/2.6.12/cores/megatinycore/wiring_digital.c:280
  } else {
    port->OUTSET = bit_mask;
  }

  /* Input direction */
  if (!(port->DIR & bit_mask)) {
  d0:	90 91 00 04 	lds	r25, 0x0400	; 0x800400 <__RODATA_PM_OFFSET__+0x7f8400>
  d4:	97 fd       	sbrc	r25, 7
  d6:	0a c0       	rjmp	.+20     	; 0xec <digitalWrite.constprop.1+0x26>
/home/tangles/.arduino15/packages/megaTinyCore/hardware/megaavr/2.6.12/cores/megatinycore/wiring_digital.c:287
    uint8_t bit_pos = digitalPinToBitPosition(pin);
    /* Calculate where pin control register is */
    volatile uint8_t *pin_ctrl_reg = getPINnCTRLregister(port, bit_pos);

    /* Save system status and disable interrupts */
    uint8_t status = SREG;
  d8:	9f b7       	in	r25, 0x3f	; 63
/home/tangles/.arduino15/packages/megaTinyCore/hardware/megaavr/2.6.12/cores/megatinycore/wiring_digital.c:288
    cli();
  da:	f8 94       	cli
/home/tangles/.arduino15/packages/megaTinyCore/hardware/megaavr/2.6.12/cores/megatinycore/wiring_digital.c:290

    if (val == LOW) {
  dc:	81 11       	cpse	r24, r1
  de:	0f c0       	rjmp	.+30     	; 0xfe <digitalWrite.constprop.1+0x38>
/home/tangles/.arduino15/packages/megaTinyCore/hardware/megaavr/2.6.12/cores/megatinycore/wiring_digital.c:292
      /* Disable pullup */
      *pin_ctrl_reg &= ~PORT_PULLUPEN_bm;
  e0:	80 91 17 04 	lds	r24, 0x0417	; 0x800417 <__RODATA_PM_OFFSET__+0x7f8417>
  e4:	87 7f       	andi	r24, 0xF7	; 247
/home/tangles/.arduino15/packages/megaTinyCore/hardware/megaavr/2.6.12/cores/megatinycore/wiring_digital.c:295
    } else {
      /* Enable pull-up */
      *pin_ctrl_reg |= PORT_PULLUPEN_bm;
  e6:	80 93 17 04 	sts	0x0417, r24	; 0x800417 <__RODATA_PM_OFFSET__+0x7f8417>
/home/tangles/.arduino15/packages/megaTinyCore/hardware/megaavr/2.6.12/cores/megatinycore/wiring_digital.c:299
    }

    /* Restore system status */
    SREG = status;
  ea:	9f bf       	out	0x3f, r25	; 63
turnOffPWM():
/home/tangles/.arduino15/packages/megaTinyCore/hardware/megaavr/2.6.12/cores/megatinycore/wiring_digital.c:142
          } else {
            // Otherwise, it's WO3-5. These will always be on 0b00hhh000,. Here since we ARE working with a high half timer, we need to just leftshift it once.
            bit_mask <<= 1;
          }
        #endif // End if 8 vs normal parts
        TCA0.SPLIT.CTRLB &= ~bit_mask;
  ec:	80 91 01 0a 	lds	r24, 0x0A01	; 0x800a01 <__RODATA_PM_OFFSET__+0x7f8a01>
  f0:	8e 7f       	andi	r24, 0xFE	; 254
  f2:	80 93 01 0a 	sts	0x0A01, r24	; 0x800a01 <__RODATA_PM_OFFSET__+0x7f8a01>
digitalWrite.constprop.1():
/home/tangles/.arduino15/packages/megaTinyCore/hardware/megaavr/2.6.12/cores/megatinycore/wiring_digital.c:312
   * analogWritten() 255, then digitallyWritten() to HIGH, which
   * would turn it off for the time between turnOffPWM() and
   * PORT->OUTCLR)
   * Since there's no penalty, why make a glitch we don't have to? */
  turnOffPWM(pin);
}
  f6:	08 95       	ret
/home/tangles/.arduino15/packages/megaTinyCore/hardware/megaavr/2.6.12/cores/megatinycore/wiring_digital.c:276
    // val will now be 0 (LOW) if the toggling made it LOW
    // or bit_mask if not. And further down, we only need to
    // know if it's
  /* If HIGH OR  > TOGGLE  */
  } else {
    port->OUTSET = bit_mask;
  f8:	90 93 05 04 	sts	0x0405, r25	; 0x800405 <__RODATA_PM_OFFSET__+0x7f8405>
  fc:	e9 cf       	rjmp	.-46     	; 0xd0 <digitalWrite.constprop.1+0xa>
/home/tangles/.arduino15/packages/megaTinyCore/hardware/megaavr/2.6.12/cores/megatinycore/wiring_digital.c:295
    if (val == LOW) {
      /* Disable pullup */
      *pin_ctrl_reg &= ~PORT_PULLUPEN_bm;
    } else {
      /* Enable pull-up */
      *pin_ctrl_reg |= PORT_PULLUPEN_bm;
  fe:	80 91 17 04 	lds	r24, 0x0417	; 0x800417 <__RODATA_PM_OFFSET__+0x7f8417>
 102:	88 60       	ori	r24, 0x08	; 8
 104:	f0 cf       	rjmp	.-32     	; 0xe6 <digitalWrite.constprop.1+0x20>

00000106 <flash()>:
_ZL5flashv():
/media/nvme_raid0/mPC/arduino/jtag2updi-32U4_support/attiny202_blink/attiny202_blink.ino:217
    sendSubcommand(DEEPSLEEP);
    inDeepSleep = true;
  }
}

static void flash() {
 106:	60 e5       	ldi	r22, 0x50	; 80
 108:	70 e0       	ldi	r23, 0x00	; 0
 10a:	80 e0       	ldi	r24, 0x00	; 0
 10c:	90 e0       	ldi	r25, 0x00	; 0
 10e:	bb df       	rcall	.-138    	; 0x86 <delay.part.0>
ledWrite():
/media/nvme_raid0/mPC/arduino/jtag2updi-32U4_support/attiny202_blink/attiny202_blink.ino:73
// BatteryStatus per-bit codes (2-x)
#define ENABLE_BATT_STATUS_CODES 0

// Active-LOW LED helper
static void ledWrite(bool on) {
  digitalWrite(LED_PIN, on ? LOW : HIGH);
 110:	80 e0       	ldi	r24, 0x00	; 0
 112:	d9 df       	rcall	.-78     	; 0xc6 <digitalWrite.constprop.1>
delay():
 114:	60 e5       	ldi	r22, 0x50	; 80
 116:	70 e0       	ldi	r23, 0x00	; 0
 118:	80 e0       	ldi	r24, 0x00	; 0
 11a:	90 e0       	ldi	r25, 0x00	; 0
 11c:	b4 df       	rcall	.-152    	; 0x86 <delay.part.0>
ledWrite():
 11e:	81 e0       	ldi	r24, 0x01	; 1
 120:	d2 cf       	rjmp	.-92     	; 0xc6 <digitalWrite.constprop.1>

00000122 <i2cWrite(unsigned char, unsigned char const*, unsigned char)>:
_ZL8i2cWritehPKhh():
/media/nvme_raid0/mPC/arduino/jtag2updi-32U4_support/attiny202_blink/attiny202_blink.ino:94
  TWI0.MCTRLA = TWI_ENABLE_bm;
  TWI0.MSTATUS = TWI_BUSSTATE_IDLE_gc;
}

static bool twiStart(uint8_t addr, uint8_t read) {
  TWI0.MADDR = (addr << 1) | (read ? 1 : 0);
 122:	90 e1       	ldi	r25, 0x10	; 16
 124:	90 93 17 08 	sts	0x0817, r25	; 0x800817 <__RODATA_PM_OFFSET__+0x7f8817>
/media/nvme_raid0/mPC/arduino/jtag2updi-32U4_support/attiny202_blink/attiny202_blink.ino:95
  while (!(TWI0.MSTATUS & (TWI_WIF_bm | TWI_RIF_bm))) {
 128:	90 91 15 08 	lds	r25, 0x0815	; 0x800815 <__RODATA_PM_OFFSET__+0x7f8815>
 12c:	90 7c       	andi	r25, 0xC0	; 192
 12e:	e1 f3       	breq	.-8      	; 0x128 <i2cWrite(unsigned char, unsigned char const*, unsigned char)+0x6>
/media/nvme_raid0/mPC/arduino/jtag2updi-32U4_support/attiny202_blink/attiny202_blink.ino:97
  }
  if (TWI0.MSTATUS & TWI_RXACK_bm) {
 130:	90 91 15 08 	lds	r25, 0x0815	; 0x800815 <__RODATA_PM_OFFSET__+0x7f8815>
 134:	94 fd       	sbrc	r25, 4
 136:	0c c0       	rjmp	.+24     	; 0x150 <i2cWrite(unsigned char, unsigned char const*, unsigned char)+0x2e>
twiWriteByte():
/media/nvme_raid0/mPC/arduino/jtag2updi-32U4_support/attiny202_blink/attiny202_blink.ino:105
  }
  return true;
}

static bool twiWriteByte(uint8_t data) {
  TWI0.MDATA = data;
 138:	80 93 18 08 	sts	0x0818, r24	; 0x800818 <__RODATA_PM_OFFSET__+0x7f8818>
/media/nvme_raid0/mPC/arduino/jtag2updi-32U4_support/attiny202_blink/attiny202_blink.ino:106
  while (!(TWI0.MSTATUS & TWI_WIF_bm)) {
 13c:	80 91 15 08 	lds	r24, 0x0815	; 0x800815 <__RODATA_PM_OFFSET__+0x7f8815>
 140:	86 ff       	sbrs	r24, 6
 142:	fc cf       	rjmp	.-8      	; 0x13c <i2cWrite(unsigned char, unsigned char const*, unsigned char)+0x1a>
/media/nvme_raid0/mPC/arduino/jtag2updi-32U4_support/attiny202_blink/attiny202_blink.ino:108
  }
  if (TWI0.MSTATUS & TWI_RXACK_bm) {
 144:	80 91 15 08 	lds	r24, 0x0815	; 0x800815 <__RODATA_PM_OFFSET__+0x7f8815>
 148:	96 2f       	mov	r25, r22
 14a:	fb 01       	movw	r30, r22
 14c:	84 ff       	sbrs	r24, 4
 14e:	04 c0       	rjmp	.+8      	; 0x158 <i2cWrite(unsigned char, unsigned char const*, unsigned char)+0x36>
_ZL8i2cWritehPKhh():
/media/nvme_raid0/mPC/arduino/jtag2updi-32U4_support/attiny202_blink/attiny202_blink.ino:136
    TWI0.MCTRLB = TWI_MCMD_STOP_gc;
    return;
  }
  for (uint8_t i = 0; i < len; i++) {
    if (!twiWriteByte(data[i])) {
      TWI0.MCTRLB = TWI_MCMD_STOP_gc;
 150:	83 e0       	ldi	r24, 0x03	; 3
 152:	80 93 14 08 	sts	0x0814, r24	; 0x800814 <__RODATA_PM_OFFSET__+0x7f8814>
 156:	08 95       	ret
/media/nvme_raid0/mPC/arduino/jtag2updi-32U4_support/attiny202_blink/attiny202_blink.ino:135
  if (!twiWriteByte(reg)) {
    TWI0.MCTRLB = TWI_MCMD_STOP_gc;
    return;
  }
  for (uint8_t i = 0; i < len; i++) {
    if (!twiWriteByte(data[i])) {
 158:	81 91       	ld	r24, Z+
twiWriteByte():
/media/nvme_raid0/mPC/arduino/jtag2updi-32U4_support/attiny202_blink/attiny202_blink.ino:105
  }
  return true;
}

static bool twiWriteByte(uint8_t data) {
  TWI0.MDATA = data;
 15a:	80 93 18 08 	sts	0x0818, r24	; 0x800818 <__RODATA_PM_OFFSET__+0x7f8818>
/media/nvme_raid0/mPC/arduino/jtag2updi-32U4_support/attiny202_blink/attiny202_blink.ino:106
  while (!(TWI0.MSTATUS & TWI_WIF_bm)) {
 15e:	80 91 15 08 	lds	r24, 0x0815	; 0x800815 <__RODATA_PM_OFFSET__+0x7f8815>
 162:	86 ff       	sbrs	r24, 6
 164:	fc cf       	rjmp	.-8      	; 0x15e <i2cWrite(unsigned char, unsigned char const*, unsigned char)+0x3c>
/media/nvme_raid0/mPC/arduino/jtag2updi-32U4_support/attiny202_blink/attiny202_blink.ino:108
  }
  if (TWI0.MSTATUS & TWI_RXACK_bm) {
 166:	80 91 15 08 	lds	r24, 0x0815	; 0x800815 <__RODATA_PM_OFFSET__+0x7f8815>
 16a:	84 fd       	sbrc	r24, 4
 16c:	f1 cf       	rjmp	.-30     	; 0x150 <i2cWrite(unsigned char, unsigned char const*, unsigned char)+0x2e>
_ZL8i2cWritehPKhh():
/media/nvme_raid0/mPC/arduino/jtag2updi-32U4_support/attiny202_blink/attiny202_blink.ino:134
  }
  if (!twiWriteByte(reg)) {
    TWI0.MCTRLB = TWI_MCMD_STOP_gc;
    return;
  }
  for (uint8_t i = 0; i < len; i++) {
 16e:	8e 2f       	mov	r24, r30
 170:	89 1b       	sub	r24, r25
 172:	84 17       	cp	r24, r20
 174:	88 f3       	brcs	.-30     	; 0x158 <i2cWrite(unsigned char, unsigned char const*, unsigned char)+0x36>
/media/nvme_raid0/mPC/arduino/jtag2updi-32U4_support/attiny202_blink/attiny202_blink.ino:140
    if (!twiWriteByte(data[i])) {
      TWI0.MCTRLB = TWI_MCMD_STOP_gc;
      return;
    }
  }
  TWI0.MCTRLB = TWI_MCMD_STOP_gc;
 176:	83 e0       	ldi	r24, 0x03	; 3
 178:	80 93 14 08 	sts	0x0814, r24	; 0x800814 <__RODATA_PM_OFFSET__+0x7f8814>
_delay_ms():
/home/tangles/.arduino15/packages/DxCore/tools/avr-gcc/7.3.0-atmel3.6.1-azduino8a/avr/include/util/delay.h:187
	#else
		//round up by default
		__ticks_dc = (uint32_t)(ceil(fabs(__tmp)));
	#endif

	__builtin_avr_delay_cycles(__ticks_dc);
 17c:	8f e0       	ldi	r24, 0x0F	; 15
 17e:	97 e2       	ldi	r25, 0x27	; 39
 180:	01 97       	sbiw	r24, 0x01	; 1
 182:	f1 f7       	brne	.-4      	; 0x180 <i2cWrite(unsigned char, unsigned char const*, unsigned char)+0x5e>
 184:	00 c0       	rjmp	.+0      	; 0x186 <i2cWrite(unsigned char, unsigned char const*, unsigned char)+0x64>
 186:	00 00       	nop
_ZL8i2cWritehPKhh():
/media/nvme_raid0/mPC/arduino/jtag2updi-32U4_support/attiny202_blink/attiny202_blink.ino:142
  delay(2);
}
 188:	08 95       	ret

0000018a <writeConfig16(unsigned int, unsigned int)>:
_ZL13writeConfig16jj():
/media/nvme_raid0/mPC/arduino/jtag2updi-32U4_support/attiny202_blink/attiny202_blink.ino:182
  uint8_t meta[2] = { cks, 0x05 };
  i2cWrite(REG_SUBCMD, payload, sizeof(payload));
  i2cWrite(REG_SUBCMD_DATA, meta, sizeof(meta));
}

static void writeConfig16(uint16_t addr, uint16_t value) {
 18a:	cf 93       	push	r28
 18c:	df 93       	push	r29
 18e:	cd b7       	in	r28, 0x3d	; 61
 190:	de b7       	in	r29, 0x3e	; 62
 192:	26 97       	sbiw	r28, 0x06	; 6
 194:	cd bf       	out	0x3d, r28	; 61
 196:	de bf       	out	0x3e, r29	; 62
/media/nvme_raid0/mPC/arduino/jtag2updi-32U4_support/attiny202_blink/attiny202_blink.ino:188
  uint8_t payload[4] = {
    (uint8_t)(addr & 0xFF),
    (uint8_t)(addr >> 8),
    (uint8_t)(value & 0xFF),
    (uint8_t)(value >> 8)
  };
 198:	89 83       	std	Y+1, r24	; 0x01
 19a:	90 e9       	ldi	r25, 0x90	; 144
 19c:	9a 83       	std	Y+2, r25	; 0x02
 19e:	6b 83       	std	Y+3, r22	; 0x03
/media/nvme_raid0/mPC/arduino/jtag2updi-32U4_support/attiny202_blink/attiny202_blink.ino:187
static void writeConfig16(uint16_t addr, uint16_t value) {
  uint8_t payload[4] = {
    (uint8_t)(addr & 0xFF),
    (uint8_t)(addr >> 8),
    (uint8_t)(value & 0xFF),
    (uint8_t)(value >> 8)
 1a0:	27 2f       	mov	r18, r23
 1a2:	30 e0       	ldi	r19, 0x00	; 0
/media/nvme_raid0/mPC/arduino/jtag2updi-32U4_support/attiny202_blink/attiny202_blink.ino:188
  };
 1a4:	7c 83       	std	Y+4, r23	; 0x04
/media/nvme_raid0/mPC/arduino/jtag2updi-32U4_support/attiny202_blink/attiny202_blink.ino:190
  uint8_t cks = checksum(payload, sizeof(payload));
  uint8_t meta[2] = { cks, 0x06 };
 1a6:	96 e0       	ldi	r25, 0x06	; 6
 1a8:	9e 83       	std	Y+6, r25	; 0x06
checksum():
/media/nvme_raid0/mPC/arduino/jtag2updi-32U4_support/attiny202_blink/attiny202_blink.ino:79
}

static uint8_t checksum(const uint8_t *data, uint8_t len) {
  uint16_t sum = 0;
  for (uint8_t i = 0; i < len; i++) {
    sum += data[i];
 1aa:	62 0f       	add	r22, r18
 1ac:	73 2f       	mov	r23, r19
 1ae:	71 1d       	adc	r23, r1
 1b0:	60 57       	subi	r22, 0x70	; 112
 1b2:	7f 4f       	sbci	r23, 0xFF	; 255
 1b4:	86 0f       	add	r24, r22
 1b6:	97 2f       	mov	r25, r23
 1b8:	91 1d       	adc	r25, r1
/media/nvme_raid0/mPC/arduino/jtag2updi-32U4_support/attiny202_blink/attiny202_blink.ino:81
  }
  return (uint8_t)(0xFF & ~sum);
 1ba:	80 95       	com	r24
_ZL13writeConfig16jj():
/media/nvme_raid0/mPC/arduino/jtag2updi-32U4_support/attiny202_blink/attiny202_blink.ino:190
    (uint8_t)(addr >> 8),
    (uint8_t)(value & 0xFF),
    (uint8_t)(value >> 8)
  };
  uint8_t cks = checksum(payload, sizeof(payload));
  uint8_t meta[2] = { cks, 0x06 };
 1bc:	8d 83       	std	Y+5, r24	; 0x05
/media/nvme_raid0/mPC/arduino/jtag2updi-32U4_support/attiny202_blink/attiny202_blink.ino:191
  i2cWrite(REG_SUBCMD, payload, sizeof(payload));
 1be:	44 e0       	ldi	r20, 0x04	; 4
 1c0:	be 01       	movw	r22, r28
 1c2:	6f 5f       	subi	r22, 0xFF	; 255
 1c4:	7f 4f       	sbci	r23, 0xFF	; 255
 1c6:	8e e3       	ldi	r24, 0x3E	; 62
 1c8:	ac df       	rcall	.-168    	; 0x122 <i2cWrite(unsigned char, unsigned char const*, unsigned char)>
/media/nvme_raid0/mPC/arduino/jtag2updi-32U4_support/attiny202_blink/attiny202_blink.ino:192
  i2cWrite(REG_SUBCMD_DATA, meta, sizeof(meta));
 1ca:	42 e0       	ldi	r20, 0x02	; 2
 1cc:	be 01       	movw	r22, r28
 1ce:	6b 5f       	subi	r22, 0xFB	; 251
 1d0:	7f 4f       	sbci	r23, 0xFF	; 255
 1d2:	80 e6       	ldi	r24, 0x60	; 96
 1d4:	a6 df       	rcall	.-180    	; 0x122 <i2cWrite(unsigned char, unsigned char const*, unsigned char)>
/media/nvme_raid0/mPC/arduino/jtag2updi-32U4_support/attiny202_blink/attiny202_blink.ino:193
}
 1d6:	26 96       	adiw	r28, 0x06	; 6
 1d8:	cd bf       	out	0x3d, r28	; 61
 1da:	de bf       	out	0x3e, r29	; 62
 1dc:	df 91       	pop	r29
 1de:	cf 91       	pop	r28
 1e0:	08 95       	ret

000001e2 <writeConfig8(unsigned int, unsigned char)>:
_ZL12writeConfig8jh():
/media/nvme_raid0/mPC/arduino/jtag2updi-32U4_support/attiny202_blink/attiny202_blink.ino:170

static void sendCommand(uint8_t reg, uint8_t value) {
  i2cWrite(reg, &value, 1);
}

static void writeConfig8(uint16_t addr, uint8_t value) {
 1e2:	cf 93       	push	r28
 1e4:	df 93       	push	r29
 1e6:	cd b7       	in	r28, 0x3d	; 61
 1e8:	de b7       	in	r29, 0x3e	; 62
 1ea:	25 97       	sbiw	r28, 0x05	; 5
 1ec:	cd bf       	out	0x3d, r28	; 61
 1ee:	de bf       	out	0x3e, r29	; 62
/media/nvme_raid0/mPC/arduino/jtag2updi-32U4_support/attiny202_blink/attiny202_blink.ino:175
  uint8_t payload[3] = {
    (uint8_t)(addr & 0xFF),
    (uint8_t)(addr >> 8),
    value
  };
 1f0:	89 83       	std	Y+1, r24	; 0x01
 1f2:	90 e9       	ldi	r25, 0x90	; 144
 1f4:	9a 83       	std	Y+2, r25	; 0x02
 1f6:	6b 83       	std	Y+3, r22	; 0x03
/media/nvme_raid0/mPC/arduino/jtag2updi-32U4_support/attiny202_blink/attiny202_blink.ino:177
  uint8_t cks = checksum(payload, sizeof(payload));
  uint8_t meta[2] = { cks, 0x05 };
 1f8:	95 e0       	ldi	r25, 0x05	; 5
 1fa:	9d 83       	std	Y+5, r25	; 0x05
checksum():
/media/nvme_raid0/mPC/arduino/jtag2updi-32U4_support/attiny202_blink/attiny202_blink.ino:79
}

static uint8_t checksum(const uint8_t *data, uint8_t len) {
  uint16_t sum = 0;
  for (uint8_t i = 0; i < len; i++) {
    sum += data[i];
 1fc:	70 e0       	ldi	r23, 0x00	; 0
 1fe:	60 57       	subi	r22, 0x70	; 112
 200:	7f 4f       	sbci	r23, 0xFF	; 255
 202:	86 0f       	add	r24, r22
 204:	97 2f       	mov	r25, r23
 206:	91 1d       	adc	r25, r1
/media/nvme_raid0/mPC/arduino/jtag2updi-32U4_support/attiny202_blink/attiny202_blink.ino:81
  }
  return (uint8_t)(0xFF & ~sum);
 208:	80 95       	com	r24
_ZL12writeConfig8jh():
/media/nvme_raid0/mPC/arduino/jtag2updi-32U4_support/attiny202_blink/attiny202_blink.ino:177
    (uint8_t)(addr & 0xFF),
    (uint8_t)(addr >> 8),
    value
  };
  uint8_t cks = checksum(payload, sizeof(payload));
  uint8_t meta[2] = { cks, 0x05 };
 20a:	8c 83       	std	Y+4, r24	; 0x04
/media/nvme_raid0/mPC/arduino/jtag2updi-32U4_support/attiny202_blink/attiny202_blink.ino:178
  i2cWrite(REG_SUBCMD, payload, sizeof(payload));
 20c:	43 e0       	ldi	r20, 0x03	; 3
 20e:	be 01       	movw	r22, r28
 210:	6f 5f       	subi	r22, 0xFF	; 255
 212:	7f 4f       	sbci	r23, 0xFF	; 255
 214:	8e e3       	ldi	r24, 0x3E	; 62
 216:	85 df       	rcall	.-246    	; 0x122 <i2cWrite(unsigned char, unsigned char const*, unsigned char)>
/media/nvme_raid0/mPC/arduino/jtag2updi-32U4_support/attiny202_blink/attiny202_blink.ino:179
  i2cWrite(REG_SUBCMD_DATA, meta, sizeof(meta));
 218:	42 e0       	ldi	r20, 0x02	; 2
 21a:	be 01       	movw	r22, r28
 21c:	6c 5f       	subi	r22, 0xFC	; 252
 21e:	7f 4f       	sbci	r23, 0xFF	; 255
 220:	80 e6       	ldi	r24, 0x60	; 96
 222:	7f df       	rcall	.-258    	; 0x122 <i2cWrite(unsigned char, unsigned char const*, unsigned char)>
/media/nvme_raid0/mPC/arduino/jtag2updi-32U4_support/attiny202_blink/attiny202_blink.ino:180
}
 224:	25 96       	adiw	r28, 0x05	; 5
 226:	cd bf       	out	0x3d, r28	; 61
 228:	de bf       	out	0x3e, r29	; 62
 22a:	df 91       	pop	r29
 22c:	cf 91       	pop	r28
 22e:	08 95       	ret

00000230 <sendSubcommand(unsigned int)>:
_ZL14sendSubcommandj():
/media/nvme_raid0/mPC/arduino/jtag2updi-32U4_support/attiny202_blink/attiny202_blink.ino:161
  uint8_t lsb = twiReadByte(false);
  uint8_t msb = twiReadByte(true);
  return (uint16_t)(msb << 8) | lsb;
}

static void sendSubcommand(uint16_t cmd) {
 230:	cf 93       	push	r28
 232:	df 93       	push	r29
 234:	00 d0       	rcall	.+0      	; 0x236 <sendSubcommand(unsigned int)+0x6>
 236:	cd b7       	in	r28, 0x3d	; 61
 238:	de b7       	in	r29, 0x3e	; 62
/media/nvme_raid0/mPC/arduino/jtag2updi-32U4_support/attiny202_blink/attiny202_blink.ino:162
  uint8_t buf[2] = { (uint8_t)(cmd & 0xFF), (uint8_t)(cmd >> 8) };
 23a:	89 83       	std	Y+1, r24	; 0x01
 23c:	1a 82       	std	Y+2, r1	; 0x02
/media/nvme_raid0/mPC/arduino/jtag2updi-32U4_support/attiny202_blink/attiny202_blink.ino:163
  i2cWrite(REG_SUBCMD, buf, sizeof(buf));
 23e:	42 e0       	ldi	r20, 0x02	; 2
 240:	be 01       	movw	r22, r28
 242:	6f 5f       	subi	r22, 0xFF	; 255
 244:	7f 4f       	sbci	r23, 0xFF	; 255
 246:	8e e3       	ldi	r24, 0x3E	; 62
 248:	6c df       	rcall	.-296    	; 0x122 <i2cWrite(unsigned char, unsigned char const*, unsigned char)>
/media/nvme_raid0/mPC/arduino/jtag2updi-32U4_support/attiny202_blink/attiny202_blink.ino:164
}
 24a:	0f 90       	pop	r0
 24c:	0f 90       	pop	r0
 24e:	df 91       	pop	r29
 250:	cf 91       	pop	r28
 252:	08 95       	ret

00000254 <configureBq76905()>:
_ZL16configureBq76905v():
/media/nvme_raid0/mPC/arduino/jtag2updi-32U4_support/attiny202_blink/attiny202_blink.ino:237
  }
}

static void configureBq76905() {

  flash();
 254:	58 df       	rcall	.-336    	; 0x106 <flash()>
/media/nvme_raid0/mPC/arduino/jtag2updi-32U4_support/attiny202_blink/attiny202_blink.ino:238
  flash();
 256:	57 df       	rcall	.-338    	; 0x106 <flash()>
/media/nvme_raid0/mPC/arduino/jtag2updi-32U4_support/attiny202_blink/attiny202_blink.ino:239
  flash();
 258:	56 df       	rcall	.-340    	; 0x106 <flash()>
/media/nvme_raid0/mPC/arduino/jtag2updi-32U4_support/attiny202_blink/attiny202_blink.ino:241
  
  sendSubcommand(SET_CFGUPDATE);
 25a:	80 e9       	ldi	r24, 0x90	; 144
 25c:	90 e0       	ldi	r25, 0x00	; 0
 25e:	e8 df       	rcall	.-48     	; 0x230 <sendSubcommand(unsigned int)>
_delay_ms():
/home/tangles/.arduino15/packages/DxCore/tools/avr-gcc/7.3.0-atmel3.6.1-azduino8a/avr/include/util/delay.h:187
 260:	8f e4       	ldi	r24, 0x4F	; 79
 262:	93 ec       	ldi	r25, 0xC3	; 195
 264:	01 97       	sbiw	r24, 0x01	; 1
 266:	f1 f7       	brne	.-4      	; 0x264 <configureBq76905()+0x10>
 268:	00 c0       	rjmp	.+0      	; 0x26a <configureBq76905()+0x16>
 26a:	00 00       	nop
_ZL16configureBq76905v():
/media/nvme_raid0/mPC/arduino/jtag2updi-32U4_support/attiny202_blink/attiny202_blink.ino:245
  delay(10);

  // 2S Li-ion defaults (VcellMode uses 0x00 for 2-series)
  writeConfig8(VcellMode, 0x02);
 26c:	62 e0       	ldi	r22, 0x02	; 2
 26e:	8b e1       	ldi	r24, 0x1B	; 27
 270:	90 e9       	ldi	r25, 0x90	; 144
 272:	b7 df       	rcall	.-146    	; 0x1e2 <writeConfig8(unsigned int, unsigned char)>
/media/nvme_raid0/mPC/arduino/jtag2updi-32U4_support/attiny202_blink/attiny202_blink.ino:248

  // Enable autonomous FET control on exit of CONFIG_UPDATE, plus bit 5 set
  writeConfig8(FETOptions, 0x04);
 274:	64 e0       	ldi	r22, 0x04	; 4
 276:	8e e1       	ldi	r24, 0x1E	; 30
 278:	90 e9       	ldi	r25, 0x90	; 144
 27a:	b3 df       	rcall	.-154    	; 0x1e2 <writeConfig8(unsigned int, unsigned char)>
/media/nvme_raid0/mPC/arduino/jtag2updi-32U4_support/attiny202_blink/attiny202_blink.ino:251

  // Enable only UV/OV protections (keep other protections disabled for now)
  writeConfig16(EnabledProtectionsA, 0x0003);
 27c:	63 e0       	ldi	r22, 0x03	; 3
 27e:	70 e0       	ldi	r23, 0x00	; 0
 280:	84 e2       	ldi	r24, 0x24	; 36
 282:	90 e9       	ldi	r25, 0x90	; 144
 284:	82 df       	rcall	.-252    	; 0x18a <writeConfig16(unsigned int, unsigned int)>
/media/nvme_raid0/mPC/arduino/jtag2updi-32U4_support/attiny202_blink/attiny202_blink.ino:252
  writeConfig16(EnabledProtectionsB, 0x0000);
 286:	70 e0       	ldi	r23, 0x00	; 0
 288:	60 e0       	ldi	r22, 0x00	; 0
 28a:	85 e2       	ldi	r24, 0x25	; 37
 28c:	90 e9       	ldi	r25, 0x90	; 144
 28e:	7d df       	rcall	.-262    	; 0x18a <writeConfig16(unsigned int, unsigned int)>
/media/nvme_raid0/mPC/arduino/jtag2updi-32U4_support/attiny202_blink/attiny202_blink.ino:253
  writeConfig16(DefaultAlarmMask, 0x0000);
 290:	70 e0       	ldi	r23, 0x00	; 0
 292:	60 e0       	ldi	r22, 0x00	; 0
 294:	8c e1       	ldi	r24, 0x1C	; 28
 296:	90 e9       	ldi	r25, 0x90	; 144
 298:	78 df       	rcall	.-272    	; 0x18a <writeConfig16(unsigned int, unsigned int)>
/media/nvme_raid0/mPC/arduino/jtag2updi-32U4_support/attiny202_blink/attiny202_blink.ino:257

  // Typical 2S Li-ion per-cell thresholds
  // NOTE: TRM lists these thresholds in mV; delays are in ms.
  writeConfig16(CellUndervoltageProtectionThreshold, 3000);  // 3.0V
 29a:	68 eb       	ldi	r22, 0xB8	; 184
 29c:	7b e0       	ldi	r23, 0x0B	; 11
 29e:	8e e2       	ldi	r24, 0x2E	; 46
 2a0:	90 e9       	ldi	r25, 0x90	; 144
 2a2:	73 df       	rcall	.-282    	; 0x18a <writeConfig16(unsigned int, unsigned int)>
/media/nvme_raid0/mPC/arduino/jtag2updi-32U4_support/attiny202_blink/attiny202_blink.ino:258
  writeConfig16(CellUndervoltageProtectionDelay, 1000);      // 1s
 2a4:	68 ee       	ldi	r22, 0xE8	; 232
 2a6:	73 e0       	ldi	r23, 0x03	; 3
 2a8:	80 e3       	ldi	r24, 0x30	; 48
 2aa:	90 e9       	ldi	r25, 0x90	; 144
 2ac:	6e df       	rcall	.-292    	; 0x18a <writeConfig16(unsigned int, unsigned int)>
/media/nvme_raid0/mPC/arduino/jtag2updi-32U4_support/attiny202_blink/attiny202_blink.ino:259
  writeConfig16(CellUndervoltageProtectionRecoveryHysteresis, 150); // 0.15V
 2ae:	66 e9       	ldi	r22, 0x96	; 150
 2b0:	70 e0       	ldi	r23, 0x00	; 0
 2b2:	81 e3       	ldi	r24, 0x31	; 49
 2b4:	90 e9       	ldi	r25, 0x90	; 144
 2b6:	69 df       	rcall	.-302    	; 0x18a <writeConfig16(unsigned int, unsigned int)>
/media/nvme_raid0/mPC/arduino/jtag2updi-32U4_support/attiny202_blink/attiny202_blink.ino:261

  writeConfig16(CellOvervoltageProtectionThreshold, 4200);   // 4.20V
 2b8:	68 e6       	ldi	r22, 0x68	; 104
 2ba:	70 e1       	ldi	r23, 0x10	; 16
 2bc:	82 e3       	ldi	r24, 0x32	; 50
 2be:	90 e9       	ldi	r25, 0x90	; 144
 2c0:	64 df       	rcall	.-312    	; 0x18a <writeConfig16(unsigned int, unsigned int)>
/media/nvme_raid0/mPC/arduino/jtag2updi-32U4_support/attiny202_blink/attiny202_blink.ino:262
  writeConfig16(CellOvervoltageProtectionDelay, 1000);       // 1s
 2c2:	68 ee       	ldi	r22, 0xE8	; 232
 2c4:	73 e0       	ldi	r23, 0x03	; 3
 2c6:	84 e3       	ldi	r24, 0x34	; 52
 2c8:	90 e9       	ldi	r25, 0x90	; 144
 2ca:	5f df       	rcall	.-322    	; 0x18a <writeConfig16(unsigned int, unsigned int)>
/media/nvme_raid0/mPC/arduino/jtag2updi-32U4_support/attiny202_blink/attiny202_blink.ino:263
  writeConfig16(CellOvervoltageProtectionRecoveryHysteresis, 100); // 0.10V
 2cc:	64 e6       	ldi	r22, 0x64	; 100
 2ce:	70 e0       	ldi	r23, 0x00	; 0
 2d0:	85 e3       	ldi	r24, 0x35	; 53
 2d2:	90 e9       	ldi	r25, 0x90	; 144
 2d4:	5a df       	rcall	.-332    	; 0x18a <writeConfig16(unsigned int, unsigned int)>
/media/nvme_raid0/mPC/arduino/jtag2updi-32U4_support/attiny202_blink/attiny202_blink.ino:265

  sendSubcommand(EXIT_CFGUPDATE);
 2d6:	82 e9       	ldi	r24, 0x92	; 146
 2d8:	90 e0       	ldi	r25, 0x00	; 0
 2da:	aa df       	rcall	.-172    	; 0x230 <sendSubcommand(unsigned int)>
delay():
 2dc:	64 e6       	ldi	r22, 0x64	; 100
 2de:	70 e0       	ldi	r23, 0x00	; 0
 2e0:	80 e0       	ldi	r24, 0x00	; 0
 2e2:	90 e0       	ldi	r25, 0x00	; 0
 2e4:	d0 de       	rcall	.-608    	; 0x86 <delay.part.0>
_ZL16configureBq76905v():
/media/nvme_raid0/mPC/arduino/jtag2updi-32U4_support/attiny202_blink/attiny202_blink.ino:268
  delay(100);
  
  flash();
 2e6:	0f df       	rcall	.-482    	; 0x106 <flash()>
/media/nvme_raid0/mPC/arduino/jtag2updi-32U4_support/attiny202_blink/attiny202_blink.ino:269
  flash();
 2e8:	0e df       	rcall	.-484    	; 0x106 <flash()>
/media/nvme_raid0/mPC/arduino/jtag2updi-32U4_support/attiny202_blink/attiny202_blink.ino:270
  flash();
 2ea:	0d cf       	rjmp	.-486    	; 0x106 <flash()>

000002ec <__vector_9>:
__vector_9():
/home/tangles/.arduino15/packages/megaTinyCore/hardware/megaavr/2.6.12/cores/megatinycore/wiring_micros_ISR.h:839
  #else
    ISR(MILLIS_TIMER_VECTOR, ISR_NAKED) {
      // Common Interrupt header for TCB, TCA and TCD;
      // Clears the Timer Interrupt flag and pushes the CPU Registers
      // 7 words / 7 clocks
      __asm__ __volatile__(
 2ec:	8f 93       	push	r24
 2ee:	82 e0       	ldi	r24, 0x02	; 2
 2f0:	80 93 0b 0a 	sts	0x0A0B, r24	; 0x800a0b <__RODATA_PM_OFFSET__+0x7f8a0b>
 2f4:	8f b7       	in	r24, 0x3f	; 63
 2f6:	8f 93       	push	r24
 2f8:	ef 93       	push	r30
 2fa:	ff 93       	push	r31
/home/tangles/.arduino15/packages/megaTinyCore/hardware/megaavr/2.6.12/cores/megatinycore/wiring_micros_ISR.h:950
        [MIINC]  "M" ((0x0000 - MILLIS_INC) & 0xFF),
        [MINCD]  "M" ((0xFFFF - MILLIS_INC) & 0xFF)
      );
  */

      __asm__ __volatile__(
 2fc:	ef e8       	ldi	r30, 0x8F	; 143
 2fe:	ff e3       	ldi	r31, 0x3F	; 63
 300:	9f 93       	push	r25
 302:	68 94       	set
 304:	8f ef       	ldi	r24, 0xFF	; 255
 306:	0d c0       	rjmp	.+26     	; 0x322 <sub4>

00000308 <ovf_end>:
 308:	e8 94       	clt
 30a:	84 81       	ldd	r24, Z+4	; 0x04
 30c:	95 81       	ldd	r25, Z+5	; 0x05
 30e:	80 5d       	subi	r24, 0xD0	; 208
 310:	9c 4f       	sbci	r25, 0xFC	; 252
 312:	84 83       	std	Z+4, r24	; 0x04
 314:	95 83       	std	Z+5, r25	; 0x05
 316:	88 5e       	subi	r24, 0xE8	; 232
 318:	93 40       	sbci	r25, 0x03	; 3
 31a:	80 f0       	brcs	.+32     	; 0x33c <sub_end>
 31c:	84 83       	std	Z+4, r24	; 0x04
 31e:	95 83       	std	Z+5, r25	; 0x05
 320:	8f ef       	ldi	r24, 0xFF	; 255

00000322 <sub4>:
 322:	90 81       	ld	r25, Z
 324:	98 1b       	sub	r25, r24
 326:	91 93       	st	Z+, r25
 328:	90 81       	ld	r25, Z
 32a:	9f 4f       	sbci	r25, 0xFF	; 255
 32c:	91 93       	st	Z+, r25
 32e:	90 81       	ld	r25, Z
 330:	9f 4f       	sbci	r25, 0xFF	; 255
 332:	91 93       	st	Z+, r25
 334:	90 81       	ld	r25, Z
 336:	9f 4f       	sbci	r25, 0xFF	; 255
 338:	91 93       	st	Z+, r25
 33a:	36 f3       	brts	.-52     	; 0x308 <ovf_end>

0000033c <sub_end>:
 33c:	9f 91       	pop	r25
/home/tangles/.arduino15/packages/megaTinyCore/hardware/megaavr/2.6.12/cores/megatinycore/wiring_micros_ISR.h:1012
        [MINCD]  "M" ((0xFFFF - MILLIS_INC) & 0xFF)
      );
    #endif /* (defined(MILLIS_USE_TIMERB0) || defined(MILLIS_USE_TIMERB1) || defined(MILLIS_USE_TIMERB2) || defined(MILLIS_USE_TIMERB3) || defined(MILLIS_USE_TIMERB4)) */
    // Common ISR Epilogue for TCA, TCB and TCD, popping register in reverse Order
    // 6 words, 14 clocks
    __asm__ __volatile__(
 33e:	ff 91       	pop	r31
 340:	ef 91       	pop	r30
 342:	8f 91       	pop	r24
 344:	8f bf       	out	0x3f, r24	; 63
 346:	8f 91       	pop	r24
 348:	18 95       	reti

0000034a <main>:
main():
/home/tangles/.arduino15/packages/megaTinyCore/hardware/megaavr/2.6.12/cores/megatinycore/wiring.c:460
  #if (CLOCK_SOURCE == 0)
    #if (defined(CLOCK_TUNE_INTERNAL))
      tune_internal(); // Will be inlined as only called once. Just too long and ugly to put two implementations in middle of this.
    #else
      #if defined(_MCLK_CTRLB) && defined(F_CPU) && defined(_MAIN_CLOCK_PRESCALER)
        _PROTECTED_WRITE(CLKCTRL_MCLKCTRLB,_MCLK_CTRLB);
 34a:	88 ed       	ldi	r24, 0xD8	; 216
 34c:	90 e0       	ldi	r25, 0x00	; 0
 34e:	84 bf       	out	0x34, r24	; 52
 350:	90 93 61 00 	sts	0x0061, r25	; 0x800061 <__RODATA_PM_OFFSET__+0x7f8061>
init_ADC0():
/home/tangles/.arduino15/packages/megaTinyCore/hardware/megaavr/2.6.12/cores/megatinycore/wiring.c:552


/********************************* ADC ****************************************/
void __attribute__((weak)) init_ADC0() {
  ADC_t* pADC;
  _fastPtr_d(pADC, &ADC0);
 354:	e0 e0       	ldi	r30, 0x00	; 0
 356:	f6 e0       	ldi	r31, 0x06	; 6
/home/tangles/.arduino15/packages/megaTinyCore/hardware/megaavr/2.6.12/cores/megatinycore/wiring.c:573
   **************************************************************************/
    //                              30 MHz / 32 = 937 kHz,  32 MHz / 32 =  1 MHz.
    #if   F_CPU   > 24000000     // 24 MHz / 16 = 1.5 MHz,  25 MHz / 32 =  780 kHz
      pADC->CTRLC  = ADC_PRESC_DIV32_gc | ADC_REFSEL_VDDREF_gc | ADC_SAMPCAP_bm;
    #elif F_CPU  >= 12000000    // 16 MHz / 16 = 1.0 MHz,  20 MHz / 16 = 1.25 MHz
      pADC->CTRLC  = ADC_PRESC_DIV16_gc | ADC_REFSEL_VDDREF_gc | ADC_SAMPCAP_bm;
 358:	83 e5       	ldi	r24, 0x53	; 83
 35a:	82 83       	std	Z+2, r24	; 0x02
/home/tangles/.arduino15/packages/megaTinyCore/hardware/megaavr/2.6.12/cores/megatinycore/wiring.c:584
      pADC->CTRLC  =  ADC_PRESC_DIV2_gc | ADC_REFSEL_VDDREF_gc | ADC_SAMPCAP_bm;
    #endif
    #if   (F_CPU == 6000000 || F_CPU == 12000000 || F_CPU == 24000000 || F_CPU ==25000000)
      pADC->SAMPCTRL = (7); // 9 ADC clocks, 12 us
    #elif (F_CPU == 5000000 || F_CPU == 10000000 || F_CPU == 20000000)
      pADC->SAMPCTRL = (13);   // 15 ADC clock,s 12 us
 35c:	8d e0       	ldi	r24, 0x0D	; 13
 35e:	85 83       	std	Z+5, r24	; 0x05
/home/tangles/.arduino15/packages/megaTinyCore/hardware/megaavr/2.6.12/cores/megatinycore/wiring.c:588
    #else
      pADC->SAMPCTRL = (10); // 12 ADC clocks, 12 us
    #endif
    pADC->CTRLD    = ADC_INITDLY_DLY16_gc;
 360:	80 e2       	ldi	r24, 0x20	; 32
 362:	83 83       	std	Z+3, r24	; 0x03
/home/tangles/.arduino15/packages/megaTinyCore/hardware/megaavr/2.6.12/cores/megatinycore/wiring.c:589
    pADC->CTRLA    = ADC_ENABLE_bm;
 364:	c1 e0       	ldi	r28, 0x01	; 1
 366:	c0 83       	st	Z, r28
init_TCA0():
/home/tangles/.arduino15/packages/megaTinyCore/hardware/megaavr/2.6.12/cores/megatinycore/wiring.c:680

void __attribute__((weak)) init_TCA0() {
  /*  TYPE A TIMER   */
  #if !defined(TCA_BUFFERED_3PIN)
    #if defined(PORTMUX_CTRLC)
      PORTMUX.CTRLC = TCA_PORTMUX;
 368:	c0 93 02 02 	sts	0x0202, r28	; 0x800202 <__RODATA_PM_OFFSET__+0x7f8202>
/home/tangles/.arduino15/packages/megaTinyCore/hardware/megaavr/2.6.12/cores/megatinycore/wiring.c:684
    #else
      PORTMUX.TCAROUTEA = TCA_PORTMUX;
    #endif
    TCA0.SPLIT.CTRLD   = TCA_SPLIT_SPLITM_bm;
 36c:	c0 93 03 0a 	sts	0x0A03, r28	; 0x800a03 <__RODATA_PM_OFFSET__+0x7f8a03>
/home/tangles/.arduino15/packages/megaTinyCore/hardware/megaavr/2.6.12/cores/megatinycore/wiring.c:685
    TCA0.SPLIT.LPER    = PWM_TIMER_PERIOD;
 370:	8e ef       	ldi	r24, 0xFE	; 254
 372:	80 93 26 0a 	sts	0x0A26, r24	; 0x800a26 <__RODATA_PM_OFFSET__+0x7f8a26>
/home/tangles/.arduino15/packages/megaTinyCore/hardware/megaavr/2.6.12/cores/megatinycore/wiring.c:686
    TCA0.SPLIT.HPER    = PWM_TIMER_PERIOD;
 376:	80 93 27 0a 	sts	0x0A27, r24	; 0x800a27 <__RODATA_PM_OFFSET__+0x7f8a27>
/home/tangles/.arduino15/packages/megaTinyCore/hardware/megaavr/2.6.12/cores/megatinycore/wiring.c:687
    TCA0.SPLIT.CTRLA   = (_TIMERA_PRESCALER | TCA_SPLIT_ENABLE_bm);
 37a:	8b e0       	ldi	r24, 0x0B	; 11
 37c:	80 93 00 0a 	sts	0x0A00, r24	; 0x800a00 <__RODATA_PM_OFFSET__+0x7f8a00>
init_millis():
/home/tangles/.arduino15/packages/megaTinyCore/hardware/megaavr/2.6.12/cores/megatinycore/wiring.c:339
  #if defined(MILLIS_USE_TIMERNONE)
    badCall("init_millis() is only valid with millis time keeping enabled.");
  #else
    #if defined(MILLIS_USE_TIMERA0)
      #if !defined(TCA_BUFFERED_3PIN)
        TCA0.SPLIT.INTCTRL = TCA_SPLIT_HUNF_bm;
 380:	82 e0       	ldi	r24, 0x02	; 2
 382:	80 93 0a 0a 	sts	0x0A0A, r24	; 0x800a0a <__RODATA_PM_OFFSET__+0x7f8a0a>
main():
/home/tangles/.arduino15/packages/megaTinyCore/hardware/megaavr/2.6.12/cores/megatinycore/main.cpp:53
 * just waiting for the DU-series now                                                           */
int main() {
  onBeforeInit(); // Emnpty callback called before init but after the .init stuff. First normal code executed
  init(); // Interrupts are turned on just prior to init() returning.
  initVariant();
  if (!onAfterInit()) sei();  // enable interrupts.
 386:	78 94       	sei
pinMode():
/home/tangles/.arduino15/packages/megaTinyCore/hardware/megaavr/2.6.12/cores/megatinycore/wiring_digital.c:51
    return;                             /* ignore invalid pins passed at runtime */
  }
  volatile uint8_t * port_base = (volatile uint8_t *) (uint16_t) ((&PORTA) + digitalPinToPort(pin));
  if (mode & 0x01) {
    // OUTPUT mode, so write DIRSET with the mask.
    *(port_base + 1) = bit_mask;
 388:	80 e8       	ldi	r24, 0x80	; 128
 38a:	80 93 01 04 	sts	0x0401, r24	; 0x800401 <__RODATA_PM_OFFSET__+0x7f8401>
/home/tangles/.arduino15/packages/megaTinyCore/hardware/megaavr/2.6.12/cores/megatinycore/wiring_digital.c:78
  // by 2 bytes and one clock. And let's hope it is, because the code above would suck too if it was in X.
  // Handwritten assembly that exploited the knowledge that there will never be a carry would save 1 word and 1 clock.
  // and could probably save at least several times that in initializing the port_base pointer. But if you're using
  // pinMode you probably don't care.
  port_base += (uint8_t) digitalPinToBitPosition(pin);
  bit_mask = *(port_base + 0x10);
 38e:	80 91 17 04 	lds	r24, 0x0417	; 0x800417 <__RODATA_PM_OFFSET__+0x7f8417>
/home/tangles/.arduino15/packages/megaTinyCore/hardware/megaavr/2.6.12/cores/megatinycore/wiring_digital.c:82
  if (mode & 2) {
    bit_mask |= 0x08;
  } else {
    bit_mask &= 0xF7;
 392:	87 7f       	andi	r24, 0xF7	; 247
/home/tangles/.arduino15/packages/megaTinyCore/hardware/megaavr/2.6.12/cores/megatinycore/wiring_digital.c:84
  }
  *(port_base + 0x10) = bit_mask;
 394:	80 93 17 04 	sts	0x0417, r24	; 0x800417 <__RODATA_PM_OFFSET__+0x7f8417>
ledWrite():
/media/nvme_raid0/mPC/arduino/jtag2updi-32U4_support/attiny202_blink/attiny202_blink.ino:73
// BatteryStatus per-bit codes (2-x)
#define ENABLE_BATT_STATUS_CODES 0

// Active-LOW LED helper
static void ledWrite(bool on) {
  digitalWrite(LED_PIN, on ? LOW : HIGH);
 398:	81 e0       	ldi	r24, 0x01	; 1
 39a:	95 de       	rcall	.-726    	; 0xc6 <digitalWrite.constprop.1>
pinMode():
/home/tangles/.arduino15/packages/megaTinyCore/hardware/megaavr/2.6.12/cores/megatinycore/wiring_digital.c:53
  volatile uint8_t * port_base = (volatile uint8_t *) (uint16_t) ((&PORTA) + digitalPinToPort(pin));
  if (mode & 0x01) {
    // OUTPUT mode, so write DIRSET with the mask.
    *(port_base + 1) = bit_mask;
  } else { // otherwise it's input so we write DIRCLR
    *(port_base + 2) = bit_mask;
 39c:	88 e0       	ldi	r24, 0x08	; 8
 39e:	80 93 02 04 	sts	0x0402, r24	; 0x800402 <__RODATA_PM_OFFSET__+0x7f8402>
/home/tangles/.arduino15/packages/megaTinyCore/hardware/megaavr/2.6.12/cores/megatinycore/wiring_digital.c:78
  // by 2 bytes and one clock. And let's hope it is, because the code above would suck too if it was in X.
  // Handwritten assembly that exploited the knowledge that there will never be a carry would save 1 word and 1 clock.
  // and could probably save at least several times that in initializing the port_base pointer. But if you're using
  // pinMode you probably don't care.
  port_base += (uint8_t) digitalPinToBitPosition(pin);
  bit_mask = *(port_base + 0x10);
 3a2:	80 91 13 04 	lds	r24, 0x0413	; 0x800413 <__RODATA_PM_OFFSET__+0x7f8413>
/home/tangles/.arduino15/packages/megaTinyCore/hardware/megaavr/2.6.12/cores/megatinycore/wiring_digital.c:80
  if (mode & 2) {
    bit_mask |= 0x08;
 3a6:	88 60       	ori	r24, 0x08	; 8
/home/tangles/.arduino15/packages/megaTinyCore/hardware/megaavr/2.6.12/cores/megatinycore/wiring_digital.c:84
  } else {
    bit_mask &= 0xF7;
  }
  *(port_base + 0x10) = bit_mask;
 3a8:	80 93 13 04 	sts	0x0413, r24	; 0x800413 <__RODATA_PM_OFFSET__+0x7f8413>
twiInit():
/media/nvme_raid0/mPC/arduino/jtag2updi-32U4_support/attiny202_blink/attiny202_blink.ino:85
  }
  return (uint8_t)(0xFF & ~sum);
}

static void twiInit() {
  PORTA.DIRCLR = PIN1_bm | PIN2_bm;
 3ac:	86 e0       	ldi	r24, 0x06	; 6
 3ae:	80 93 02 04 	sts	0x0402, r24	; 0x800402 <__RODATA_PM_OFFSET__+0x7f8402>
/media/nvme_raid0/mPC/arduino/jtag2updi-32U4_support/attiny202_blink/attiny202_blink.ino:86
  PORTA.PIN1CTRL |= PORT_PULLUPEN_bm;
 3b2:	80 91 11 04 	lds	r24, 0x0411	; 0x800411 <__RODATA_PM_OFFSET__+0x7f8411>
 3b6:	88 60       	ori	r24, 0x08	; 8
 3b8:	80 93 11 04 	sts	0x0411, r24	; 0x800411 <__RODATA_PM_OFFSET__+0x7f8411>
/media/nvme_raid0/mPC/arduino/jtag2updi-32U4_support/attiny202_blink/attiny202_blink.ino:87
  PORTA.PIN2CTRL |= PORT_PULLUPEN_bm;
 3bc:	80 91 12 04 	lds	r24, 0x0412	; 0x800412 <__RODATA_PM_OFFSET__+0x7f8412>
 3c0:	88 60       	ori	r24, 0x08	; 8
 3c2:	80 93 12 04 	sts	0x0412, r24	; 0x800412 <__RODATA_PM_OFFSET__+0x7f8412>
/media/nvme_raid0/mPC/arduino/jtag2updi-32U4_support/attiny202_blink/attiny202_blink.ino:88
  TWI0.MBAUD = (uint8_t)((F_CPU / (2UL * 100000UL)) - 5);
 3c6:	8f e5       	ldi	r24, 0x5F	; 95
 3c8:	80 93 16 08 	sts	0x0816, r24	; 0x800816 <__RODATA_PM_OFFSET__+0x7f8816>
/media/nvme_raid0/mPC/arduino/jtag2updi-32U4_support/attiny202_blink/attiny202_blink.ino:89
  TWI0.MCTRLA = TWI_ENABLE_bm;
 3cc:	c0 93 13 08 	sts	0x0813, r28	; 0x800813 <__RODATA_PM_OFFSET__+0x7f8813>
/media/nvme_raid0/mPC/arduino/jtag2updi-32U4_support/attiny202_blink/attiny202_blink.ino:90
  TWI0.MSTATUS = TWI_BUSSTATE_IDLE_gc;
 3d0:	c0 93 15 08 	sts	0x0815, r28	; 0x800815 <__RODATA_PM_OFFSET__+0x7f8815>
delay():
 3d4:	62 e3       	ldi	r22, 0x32	; 50
 3d6:	70 e0       	ldi	r23, 0x00	; 0
 3d8:	80 e0       	ldi	r24, 0x00	; 0
 3da:	90 e0       	ldi	r25, 0x00	; 0
 3dc:	54 de       	rcall	.-856    	; 0x86 <delay.part.0>
setup():
/media/nvme_raid0/mPC/arduino/jtag2updi-32U4_support/attiny202_blink/attiny202_blink.ino:279
  pinMode(LED_PIN, OUTPUT);
  ledWrite(false);
  pinMode(BUTTON_PIN, INPUT_PULLUP);
  twiInit();
  delay(50);
  configureBq76905();
 3de:	3a df       	rcall	.-396    	; 0x254 <configureBq76905()>
digitalRead():
/home/tangles/.arduino15/packages/megaTinyCore/hardware/megaavr/2.6.12/cores/megatinycore/wiring_digital.c:363

  /* Get port and check valid port */
  PORT_t *port = digitalPinToPortStruct(pin);

  /* Read pin value from PORTx.IN register */
  if (port->IN & bit_mask) {
 3e0:	80 91 08 04 	lds	r24, 0x0408	; 0x800408 <__RODATA_PM_OFFSET__+0x7f8408>
 3e4:	83 fd       	sbrc	r24, 3
 3e6:	38 c0       	rjmp	.+112    	; 0x458 <__LOCK_REGION_LENGTH__+0x58>
readButton():
/media/nvme_raid0/mPC/arduino/jtag2updi-32U4_support/attiny202_blink/attiny202_blink.ino:289
unsigned int long lastBtnPressTime = 0;
bool isSleepMode = false;
void readButton() {
  if (digitalRead(BUTTON_PIN) == LOW) {
    
    flash();
 3e8:	8e de       	rcall	.-740    	; 0x106 <flash()>
/media/nvme_raid0/mPC/arduino/jtag2updi-32U4_support/attiny202_blink/attiny202_blink.ino:291

    if (!lastButtonState) {
 3ea:	80 91 89 3f 	lds	r24, 0x3F89	; 0x803f89 <lastButtonState>
 3ee:	81 11       	cpse	r24, r1
 3f0:	0b c0       	rjmp	.+22     	; 0x408 <__LOCK_REGION_LENGTH__+0x8>
/media/nvme_raid0/mPC/arduino/jtag2updi-32U4_support/attiny202_blink/attiny202_blink.ino:292
      lastBtnPressTime = millis();
 3f2:	3d de       	rcall	.-902    	; 0x6e <millis>
 3f4:	60 93 85 3f 	sts	0x3F85, r22	; 0x803f85 <lastBtnPressTime>
 3f8:	70 93 86 3f 	sts	0x3F86, r23	; 0x803f86 <lastBtnPressTime+0x1>
 3fc:	80 93 87 3f 	sts	0x3F87, r24	; 0x803f87 <lastBtnPressTime+0x2>
 400:	90 93 88 3f 	sts	0x3F88, r25	; 0x803f88 <lastBtnPressTime+0x3>
/media/nvme_raid0/mPC/arduino/jtag2updi-32U4_support/attiny202_blink/attiny202_blink.ino:293
      lastButtonState = true;
 404:	c0 93 89 3f 	sts	0x3F89, r28	; 0x803f89 <lastButtonState>
 408:	c0 90 85 3f 	lds	r12, 0x3F85	; 0x803f85 <lastBtnPressTime>
 40c:	d0 90 86 3f 	lds	r13, 0x3F86	; 0x803f86 <lastBtnPressTime+0x1>
 410:	e0 90 87 3f 	lds	r14, 0x3F87	; 0x803f87 <lastBtnPressTime+0x2>
 414:	f0 90 88 3f 	lds	r15, 0x3F88	; 0x803f88 <lastBtnPressTime+0x3>
/media/nvme_raid0/mPC/arduino/jtag2updi-32U4_support/attiny202_blink/attiny202_blink.ino:295
    }
    if (isShortPress) {
 418:	80 91 84 3f 	lds	r24, 0x3F84	; 0x803f84 <isShortPress>
 41c:	88 23       	and	r24, r24
 41e:	09 f4       	brne	.+2      	; 0x422 <__LOCK_REGION_LENGTH__+0x22>
 420:	41 c0       	rjmp	.+130    	; 0x4a4 <__LOCK_REGION_LENGTH__+0xa4>
/media/nvme_raid0/mPC/arduino/jtag2updi-32U4_support/attiny202_blink/attiny202_blink.ino:296
      if (millis() - lastBtnPressTime > TIME_LONG) {
 422:	25 de       	rcall	.-950    	; 0x6e <millis>
 424:	6c 19       	sub	r22, r12
 426:	7d 09       	sbc	r23, r13
 428:	8e 09       	sbc	r24, r14
 42a:	9f 09       	sbc	r25, r15
 42c:	61 3d       	cpi	r22, 0xD1	; 209
 42e:	77 40       	sbci	r23, 0x07	; 7
 430:	81 05       	cpc	r24, r1
 432:	91 05       	cpc	r25, r1
 434:	08 f4       	brcc	.+2      	; 0x438 <__LOCK_REGION_LENGTH__+0x38>
 436:	42 c0       	rjmp	.+132    	; 0x4bc <__LOCK_REGION_LENGTH__+0xbc>
 438:	ca e0       	ldi	r28, 0x0A	; 10
enterShipMode():
/media/nvme_raid0/mPC/arduino/jtag2updi-32U4_support/attiny202_blink/attiny202_blink.ino:226
  ledWrite(false);
}

static void enterShipMode() {
  for (uint8_t i = 0; i < 10; i++) {
    flash();
 43a:	65 de       	rcall	.-822    	; 0x106 <flash()>
 43c:	c1 50       	subi	r28, 0x01	; 1
/media/nvme_raid0/mPC/arduino/jtag2updi-32U4_support/attiny202_blink/attiny202_blink.ino:225
  delay(TIME_TINY);
  ledWrite(false);
}

static void enterShipMode() {
  for (uint8_t i = 0; i < 10; i++) {
 43e:	e9 f7       	brne	.-6      	; 0x43a <__LOCK_REGION_LENGTH__+0x3a>
/media/nvme_raid0/mPC/arduino/jtag2updi-32U4_support/attiny202_blink/attiny202_blink.ino:228
    flash();
  }
  sendSubcommand(SHUTDOWN);
 440:	80 e1       	ldi	r24, 0x10	; 16
 442:	90 e0       	ldi	r25, 0x00	; 0
 444:	f5 de       	rcall	.-534    	; 0x230 <sendSubcommand(unsigned int)>
/media/nvme_raid0/mPC/arduino/jtag2updi-32U4_support/attiny202_blink/attiny202_blink.ino:229
  sendSubcommand(SHUTDOWN);
 446:	80 e1       	ldi	r24, 0x10	; 16
 448:	90 e0       	ldi	r25, 0x00	; 0
 44a:	f2 de       	rcall	.-540    	; 0x230 <sendSubcommand(unsigned int)>
delay():
 44c:	68 ee       	ldi	r22, 0xE8	; 232
 44e:	73 e0       	ldi	r23, 0x03	; 3
 450:	80 e0       	ldi	r24, 0x00	; 0
 452:	90 e0       	ldi	r25, 0x00	; 0
 454:	18 de       	rcall	.-976    	; 0x86 <delay.part.0>
 456:	fa cf       	rjmp	.-12     	; 0x44c <__LOCK_REGION_LENGTH__+0x4c>
readButton():
/media/nvme_raid0/mPC/arduino/jtag2updi-32U4_support/attiny202_blink/attiny202_blink.ino:315
    //     regoutControl &= (uint8_t)~REGOUT_REG_EN; // clear REG_EN (bit 3)
    //     sendCommand(REGOUT_CONTROL, regoutControl);
    //     isSleepMode = true;
    //   }
    // }
    if (isShortPress) {
 458:	80 91 84 3f 	lds	r24, 0x3F84	; 0x803f84 <isShortPress>
 45c:	88 23       	and	r24, r24
 45e:	f9 f0       	breq	.+62     	; 0x49e <__LOCK_REGION_LENGTH__+0x9e>
/media/nvme_raid0/mPC/arduino/jtag2updi-32U4_support/attiny202_blink/attiny202_blink.ino:316
      isShortPress = false;
 460:	10 92 84 3f 	sts	0x3F84, r1	; 0x803f84 <isShortPress>
toggleDeepSleep():
/media/nvme_raid0/mPC/arduino/jtag2updi-32U4_support/attiny202_blink/attiny202_blink.ino:199

bool inDeepSleep = false;
unsigned int long lastDeepSleepToggleTime = 0;

static void toggleDeepSleep() {
  if (millis() - lastDeepSleepToggleTime < 3000) {
 464:	04 de       	rcall	.-1016   	; 0x6e <millis>
 466:	c0 90 80 3f 	lds	r12, 0x3F80	; 0x803f80 <__DATA_REGION_ORIGIN__>
 46a:	d0 90 81 3f 	lds	r13, 0x3F81	; 0x803f81 <__DATA_REGION_ORIGIN__+0x1>
 46e:	e0 90 82 3f 	lds	r14, 0x3F82	; 0x803f82 <__DATA_REGION_ORIGIN__+0x2>
 472:	f0 90 83 3f 	lds	r15, 0x3F83	; 0x803f83 <__DATA_REGION_ORIGIN__+0x3>
 476:	6c 19       	sub	r22, r12
 478:	7d 09       	sbc	r23, r13
 47a:	8e 09       	sbc	r24, r14
 47c:	9f 09       	sbc	r25, r15
 47e:	68 3b       	cpi	r22, 0xB8	; 184
 480:	7b 40       	sbci	r23, 0x0B	; 11
 482:	81 05       	cpc	r24, r1
 484:	91 05       	cpc	r25, r1
 486:	e0 f5       	brcc	.+120    	; 0x500 <__LOCK_REGION_LENGTH__+0x100>
/media/nvme_raid0/mPC/arduino/jtag2updi-32U4_support/attiny202_blink/attiny202_blink.ino:200
    sendSubcommand(EXIT_DEEPSLEEP);
 488:	8e e0       	ldi	r24, 0x0E	; 14
 48a:	90 e0       	ldi	r25, 0x00	; 0
 48c:	d1 de       	rcall	.-606    	; 0x230 <sendSubcommand(unsigned int)>
/media/nvme_raid0/mPC/arduino/jtag2updi-32U4_support/attiny202_blink/attiny202_blink.ino:201
    inDeepSleep = false;
 48e:	10 92 8a 3f 	sts	0x3F8A, r1	; 0x803f8a <inDeepSleep>
delay():
 492:	68 ee       	ldi	r22, 0xE8	; 232
 494:	73 e0       	ldi	r23, 0x03	; 3
 496:	80 e0       	ldi	r24, 0x00	; 0
 498:	90 e0       	ldi	r25, 0x00	; 0
 49a:	f5 dd       	rcall	.-1046   	; 0x86 <delay.part.0>
toggleDeepSleep():
/media/nvme_raid0/mPC/arduino/jtag2updi-32U4_support/attiny202_blink/attiny202_blink.ino:203
    delay(1000);
    configureBq76905();
 49c:	db de       	rcall	.-586    	; 0x254 <configureBq76905()>
readButton():
/media/nvme_raid0/mPC/arduino/jtag2updi-32U4_support/attiny202_blink/attiny202_blink.ino:319
    // }
    if (isShortPress) {
      isShortPress = false;
      toggleDeepSleep();
    }
    lastButtonState = false;
 49e:	10 92 89 3f 	sts	0x3F89, r1	; 0x803f89 <lastButtonState>
 4a2:	0c c0       	rjmp	.+24     	; 0x4bc <__LOCK_REGION_LENGTH__+0xbc>
/media/nvme_raid0/mPC/arduino/jtag2updi-32U4_support/attiny202_blink/attiny202_blink.ino:302
        enterShipMode();
        lastButtonState = false;
        isShortPress = false;
      }
    } else {
      if (millis() - lastBtnPressTime > TIME_SHORT) {
 4a4:	e4 dd       	rcall	.-1080   	; 0x6e <millis>
 4a6:	6c 19       	sub	r22, r12
 4a8:	7d 09       	sbc	r23, r13
 4aa:	8e 09       	sbc	r24, r14
 4ac:	9f 09       	sbc	r25, r15
 4ae:	69 3c       	cpi	r22, 0xC9	; 201
 4b0:	71 05       	cpc	r23, r1
 4b2:	81 05       	cpc	r24, r1
 4b4:	91 05       	cpc	r25, r1
 4b6:	10 f0       	brcs	.+4      	; 0x4bc <__LOCK_REGION_LENGTH__+0xbc>
/media/nvme_raid0/mPC/arduino/jtag2updi-32U4_support/attiny202_blink/attiny202_blink.ino:303
        isShortPress = true;
 4b8:	c0 93 84 3f 	sts	0x3F84, r28	; 0x803f84 <isShortPress>
heartbeat():
/media/nvme_raid0/mPC/arduino/jtag2updi-32U4_support/attiny202_blink/attiny202_blink.ino:325
  }
}

unsigned int long lastLedBlinkTime = 0;
void heartbeat() {
  if (millis() - lastLedBlinkTime > TIME_LONG) {
 4bc:	d8 dd       	rcall	.-1104   	; 0x6e <millis>
 4be:	c0 90 8b 3f 	lds	r12, 0x3F8B	; 0x803f8b <lastLedBlinkTime>
 4c2:	d0 90 8c 3f 	lds	r13, 0x3F8C	; 0x803f8c <lastLedBlinkTime+0x1>
 4c6:	e0 90 8d 3f 	lds	r14, 0x3F8D	; 0x803f8d <lastLedBlinkTime+0x2>
 4ca:	f0 90 8e 3f 	lds	r15, 0x3F8E	; 0x803f8e <lastLedBlinkTime+0x3>
 4ce:	6c 19       	sub	r22, r12
 4d0:	7d 09       	sbc	r23, r13
 4d2:	8e 09       	sbc	r24, r14
 4d4:	9f 09       	sbc	r25, r15
 4d6:	61 3d       	cpi	r22, 0xD1	; 209
 4d8:	77 40       	sbci	r23, 0x07	; 7
 4da:	81 05       	cpc	r24, r1
 4dc:	91 05       	cpc	r25, r1
 4de:	08 f4       	brcc	.+2      	; 0x4e2 <__LOCK_REGION_LENGTH__+0xe2>
 4e0:	7f cf       	rjmp	.-258    	; 0x3e0 <main+0x96>
/media/nvme_raid0/mPC/arduino/jtag2updi-32U4_support/attiny202_blink/attiny202_blink.ino:326
    flash();
 4e2:	11 de       	rcall	.-990    	; 0x106 <flash()>
/media/nvme_raid0/mPC/arduino/jtag2updi-32U4_support/attiny202_blink/attiny202_blink.ino:327
    if (inDeepSleep) {
 4e4:	80 91 8a 3f 	lds	r24, 0x3F8A	; 0x803f8a <inDeepSleep>
 4e8:	81 11       	cpse	r24, r1
/media/nvme_raid0/mPC/arduino/jtag2updi-32U4_support/attiny202_blink/attiny202_blink.ino:328
      flash();
 4ea:	0d de       	rcall	.-998    	; 0x106 <flash()>
/media/nvme_raid0/mPC/arduino/jtag2updi-32U4_support/attiny202_blink/attiny202_blink.ino:330
    }
    lastLedBlinkTime = millis();
 4ec:	c0 dd       	rcall	.-1152   	; 0x6e <millis>
 4ee:	60 93 8b 3f 	sts	0x3F8B, r22	; 0x803f8b <lastLedBlinkTime>
 4f2:	70 93 8c 3f 	sts	0x3F8C, r23	; 0x803f8c <lastLedBlinkTime+0x1>
 4f6:	80 93 8d 3f 	sts	0x3F8D, r24	; 0x803f8d <lastLedBlinkTime+0x2>
 4fa:	90 93 8e 3f 	sts	0x3F8E, r25	; 0x803f8e <lastLedBlinkTime+0x3>
 4fe:	70 cf       	rjmp	.-288    	; 0x3e0 <main+0x96>
toggleDeepSleep():
/media/nvme_raid0/mPC/arduino/jtag2updi-32U4_support/attiny202_blink/attiny202_blink.ino:206
    inDeepSleep = false;
    delay(1000);
    configureBq76905();
    return;
  }
  lastDeepSleepToggleTime = millis();
 500:	b6 dd       	rcall	.-1172   	; 0x6e <millis>
 502:	60 93 80 3f 	sts	0x3F80, r22	; 0x803f80 <__DATA_REGION_ORIGIN__>
 506:	70 93 81 3f 	sts	0x3F81, r23	; 0x803f81 <__DATA_REGION_ORIGIN__+0x1>
 50a:	80 93 82 3f 	sts	0x3F82, r24	; 0x803f82 <__DATA_REGION_ORIGIN__+0x2>
 50e:	90 93 83 3f 	sts	0x3F83, r25	; 0x803f83 <__DATA_REGION_ORIGIN__+0x3>
/media/nvme_raid0/mPC/arduino/jtag2updi-32U4_support/attiny202_blink/attiny202_blink.ino:207
  if (inDeepSleep) {
 512:	80 91 8a 3f 	lds	r24, 0x3F8A	; 0x803f8a <inDeepSleep>
 516:	88 23       	and	r24, r24
 518:	31 f0       	breq	.+12     	; 0x526 <__LOCK_REGION_LENGTH__+0x126>
/media/nvme_raid0/mPC/arduino/jtag2updi-32U4_support/attiny202_blink/attiny202_blink.ino:208
    sendSubcommand(EXIT_DEEPSLEEP);
 51a:	8e e0       	ldi	r24, 0x0E	; 14
 51c:	90 e0       	ldi	r25, 0x00	; 0
 51e:	88 de       	rcall	.-752    	; 0x230 <sendSubcommand(unsigned int)>
/media/nvme_raid0/mPC/arduino/jtag2updi-32U4_support/attiny202_blink/attiny202_blink.ino:209
    inDeepSleep = false;
 520:	10 92 8a 3f 	sts	0x3F8A, r1	; 0x803f8a <inDeepSleep>
 524:	bc cf       	rjmp	.-136    	; 0x49e <__LOCK_REGION_LENGTH__+0x9e>
/media/nvme_raid0/mPC/arduino/jtag2updi-32U4_support/attiny202_blink/attiny202_blink.ino:211
  } else {
    sendSubcommand(DEEPSLEEP);
 526:	8f e0       	ldi	r24, 0x0F	; 15
 528:	90 e0       	ldi	r25, 0x00	; 0
 52a:	82 de       	rcall	.-764    	; 0x230 <sendSubcommand(unsigned int)>
/media/nvme_raid0/mPC/arduino/jtag2updi-32U4_support/attiny202_blink/attiny202_blink.ino:212
    sendSubcommand(DEEPSLEEP);
 52c:	8f e0       	ldi	r24, 0x0F	; 15
 52e:	90 e0       	ldi	r25, 0x00	; 0
 530:	7f de       	rcall	.-770    	; 0x230 <sendSubcommand(unsigned int)>
/media/nvme_raid0/mPC/arduino/jtag2updi-32U4_support/attiny202_blink/attiny202_blink.ino:213
    inDeepSleep = true;
 532:	c0 93 8a 3f 	sts	0x3F8A, r28	; 0x803f8a <inDeepSleep>
 536:	b3 cf       	rjmp	.-154    	; 0x49e <__LOCK_REGION_LENGTH__+0x9e>

00000538 <_exit>:
exit():
/home/admin/Arduino/toolchain-avr-special-master/gcc-build/avr/avrxmega3/short-calls/libgcc/../../../../../gcc/libgcc/config/avr/lib1funcs.S:2278
 538:	f8 94       	cli

0000053a <__stop_program>:
__stop_program():
/home/admin/Arduino/toolchain-avr-special-master/gcc-build/avr/avrxmega3/short-calls/libgcc/../../../../../gcc/libgcc/config/avr/lib1funcs.S:2280
 53a:	ff cf       	rjmp	.-2      	; 0x53a <__stop_program>
